CHECK: 11.9948 * X^0 +
CHECK: 20.6603 * X^1 +
CHECK: 54.8433 * X^2 +
CHECK: 66.8143 * X^3 +
CHECK: 87.7335 * X^4 +
CHECK: 130.015 * X^5 +
CHECK: 135.133 * X^6 +
CHECK: 172.672 * X^7 +
CHECK: 131.961 * X^8 +
CHECK: 223.452 * X^9 +
CHECK: 280.198 * X^10 +
CHECK: 313.759 * X^11 +
CHECK: 353.221 * X^12 +
CHECK: 373.982 * X^13 +
CHECK: 447.207 * X^14 +
CHECK: 399.972 * X^15 +
CHECK: 386.727 * X^16 +
CHECK: 399.118 * X^17 +
CHECK: 467.862 * X^18 +
CHECK: 495.265 * X^19 +
CHECK: 516.025 * X^20 +
CHECK: 618.551 * X^21 +
CHECK: 588.235 * X^22 +
CHECK: 558.602 * X^23 +
CHECK: 618.515 * X^24 +
CHECK: 639.492 * X^25 +
CHECK: 607.744 * X^26 +
CHECK: 570.585 * X^27 +
CHECK: 634.714 * X^28 +
CHECK: 759.524 * X^29 +
CHECK: 742.173 * X^30 +
CHECK: 713.805 * X^31 +
CHECK: 791.512 * X^32 +
CHECK: 827.027 * X^33 +
CHECK: 765.552 * X^34 +
CHECK: 774.95 * X^35 +
CHECK: 714.632 * X^36 +
CHECK: 835.736 * X^37 +
CHECK: 835.325 * X^38 +
CHECK: 883.693 * X^39 +
CHECK: 1019.89 * X^40 +
CHECK: 927.699 * X^41 +
CHECK: 963.678 * X^42 +
CHECK: 1028.49 * X^43 +
CHECK: 1057.82 * X^44 +
CHECK: 1034.18 * X^45 +
CHECK: 1060.59 * X^46 +
CHECK: 1052.28 * X^47 +
CHECK: 1147.58 * X^48 +
CHECK: 1168.43 * X^49 +
CHECK: 0
