154 <-> 154
90 <-> 90
105 <-> 105
112 <-> 112
107 <-> 107
158 <-> 158
113 <-> 113
142 <-> 142
14 <-> 14
36 <-> 36
217 <-> 217
236 <-> 236
212 <-> 212
68 <-> 68
212 <-> 212
227 <-> 227
106 <-> 106
120 <-> 120
249 <-> 249
12 <-> 12
87 <-> 87
211 <-> 211
26 <-> 26
249 <-> 249
194 <-> 194
139 <-> 139
23 <-> 23
201 <-> 201
214 <-> 214
251 <-> 251
245 <-> 245
172 <-> 172
22 <-> 22
29 <-> 29
15 <-> 15
171 <-> 171
105 <-> 105
243 <-> 243
69 <-> 69
100 <-> 100
208 <-> 208
208 <-> 208
69 <-> 69
24 <-> 24
37 <-> 37
38 <-> 38
32 <-> 32
181 <-> 181
31 <-> 31
109 <-> 109
176 <-> 176
150 <-> 150
94 <-> 94
211 <-> 211
91 <-> 91
235 <-> 235
205 <-> 205
234 <-> 234
195 <-> 195
247 <-> 247
180 <-> 180
105 <-> 105
31 <-> 31
124 <-> 124
94 <-> 94
254 <-> 254
248 <-> 248
111 <-> 111
20 <-> 20
140 <-> 140
111 <-> 111
211 <-> 211
255 <-> 255
73 <-> 73
217 <-> 217
27 <-> 27
61 <-> 61
237 <-> 237
213 <-> 213
30 <-> 30
140 <-> 140
213 <-> 213
242 <-> 242
149 <-> 149
252 <-> 252
199 <-> 199
151 <-> 151
174 <-> 174
190 <-> 190
236 <-> 236
156 <-> 156
211 <-> 211
70 <-> 70
209 <-> 209
188 <-> 188
170 <-> 170
103 <-> 103
252 <-> 252
90 <-> 90
23 <-> 23
195 <-> 195
48 <-> 48
84 <-> 84
164 <-> 164
6 <-> 6
138 <-> 138
94 <-> 94
113 <-> 113
22 <-> 22
214 <-> 214
76 <-> 76
15 <-> 15
52 <-> 52
74 <-> 74
111 <-> 111
1 <-> 1
25 <-> 25
37 <-> 37
89 <-> 89
122 <-> 122
155 <-> 155
40 <-> 40
172 <-> 172
233 <-> 233
226 <-> 226
245 <-> 245
4 <-> 4
254 <-> 254
53 <-> 53
119 <-> 119
116 <-> 116
255 <-> 255
156 <-> 156
72 <-> 72
254 <-> 254
1 <-> 1
87 <-> 87
6 <-> 6
234 <-> 234
196 <-> 196
129 <-> 129
39 <-> 39
130 <-> 130
12 <-> 12
179 <-> 179
243 <-> 243
100 <-> 100
108 <-> 108
170 <-> 170
88 <-> 88
233 <-> 233
203 <-> 203
238 <-> 238
46 <-> 46
227 <-> 227
127 <-> 127
179 <-> 179
80 <-> 80
26 <-> 26
186 <-> 186
221 <-> 221
93 <-> 93
121 <-> 121
7 <-> 7
106 <-> 106
166 <-> 166
55 <-> 55
21 <-> 21
38 <-> 38
55 <-> 55
4 <-> 4
10 <-> 10
69 <-> 69
247 <-> 247
59 <-> 59
34 <-> 34
65 <-> 65
170 <-> 170
187 <-> 187
61 <-> 61
42 <-> 42
113 <-> 113
85 <-> 85
216 <-> 216
164 <-> 164
211 <-> 211
64 <-> 64
60 <-> 60
0 <-> 220
0 <-> 212
0 <-> 94
0 <-> 168
0 <-> 140
0 <-> 224
0 <-> 81
0 <-> 10
0 <-> 155
0 <-> 67
0 <-> 49
0 <-> 15
0 <-> 73
0 <-> 80
0 <-> 68
0 <-> 61
