11.9948 * X^0 +
20.6603 * X^1 +
54.8433 * X^2 +
66.8143 * X^3 +
87.7335 * X^4 +
130.015 * X^5 +
135.133 * X^6 +
172.672 * X^7 +
131.961 * X^8 +
223.452 * X^9 +
280.198 * X^10 +
313.759 * X^11 +
353.221 * X^12 +
373.982 * X^13 +
447.207 * X^14 +
399.972 * X^15 +
386.727 * X^16 +
399.118 * X^17 +
467.862 * X^18 +
495.265 * X^19 +
516.025 * X^20 +
618.551 * X^21 +
588.235 * X^22 +
558.602 * X^23 +
618.515 * X^24 +
639.492 * X^25 +
607.744 * X^26 +
570.585 * X^27 +
634.714 * X^28 +
759.524 * X^29 +
742.173 * X^30 +
713.805 * X^31 +
791.512 * X^32 +
827.027 * X^33 +
765.552 * X^34 +
774.95 * X^35 +
714.632 * X^36 +
835.736 * X^37 +
835.325 * X^38 +
883.693 * X^39 +
1019.89 * X^40 +
927.699 * X^41 +
963.678 * X^42 +
1028.49 * X^43 +
1057.82 * X^44 +
1034.18 * X^45 +
1060.59 * X^46 +
1052.28 * X^47 +
1147.58 * X^48 +
1168.43 * X^49 +
0
